[0m                                          [36m‹€€€€€€€€€€€€€€€€€€€€€€€€€€€€€€€€€€€€€€€‹[37m
                                          [36m€€€€ﬂ€€€€[1;37;46m         [0;36m€€€€€€€€€€€€€€€€€€€€€€€[37m
                                          [36m€‹ﬂ‹ﬂ€€€€[30;46m∞€ﬂ‹∞€ﬂﬂ∞‹ﬂ‹∞€[36;40m€[30;46m∞€[36;40m€[30;46m∞€[36;40m€[30;46m€[36;40m€€€€€€€€€€[37m
                                          [36m€€ﬂ‹ﬂ‹€€€[30;46m∞€‹ﬂ∞€ﬂ[1;37m [0;30;46m∞€ﬂ€∞€[36;40m€[30;46m∞€[36;40m€€[30;46mﬂ‹ﬂ[36;40m€€€€€€€€€€[37m
                                          [36m€ﬂ‹ﬂ‹€€€€€[30;46mﬂ[36;40m€[30;46mﬂ[36;40m€[30;46mﬂﬂﬂ[36;40m€[30;46mﬂ[36;40m€[30;46mﬂ[1;37m [0;30;46mﬂﬂ[36;40m€[30;46mﬂﬂ[36;40m€€[30;46mﬂ[36;40m€€€€€€€€€€€[37m
                                          [36m‹ﬂ€€‹€€€€[30;46m∞€ﬂ€∞€[36;40m€[30;46m€∞€[36;40m€[30;46mﬂ€ﬂ[1;37m [36mﬂﬂ‹[0;36m€€€€€€€[30;46m‹[36;40m€€€€€€[37m
                                          [36m€€€€[1;33;46m [0;36m€€€€[30;46m∞€ €∞€[36;40m€[30;46m€∞€[36;40m€[30;46m∞€[36;40m€€[1;37;46m [36mﬂ[0;36m€€€€€€€€[30;46m‹ﬂ[36;40m€€€€[30;46m [37;40m
                                          [36m€€€€€€€€€€[30;46mﬂﬂ [1;36m [0;30;46mﬂﬂﬂ[36;40m€[30;46mﬂ[36;40m€€[30;46mﬂ[36;40m€€[1;37;46m [36mﬂ[0;36m€€€€€€€€€[30;46mﬂ[36;40mﬂ€ﬂ[30;46mﬂ‹[37;40m
                                          [36m€€€€€€€€€€[1;33;46mY/n[0;36m€€€€€€€€€€€€€€€€€€€ﬂ€ﬂ‹ﬂ‹ﬂ[30;46mﬂ‹[37;40m
                                          [36mﬂ€€€€€€€€€€€€€€€€€€€€€€€€€€€€€€€€‹ﬂ‹ﬂ€€€ﬂ[37m